{
  "name" : "Casa Ferlin",
  "address" : "Stampfenbachstrasse 38",
  "openingHours" : {
    "Monday - Sunday": [
      "closed"
    ]
  }
}